** Drc report for maia.kicad_pcb **
** Created on 2026-06-14T19:18:58 **
** Report includes: Errors, Warnings, Exclusions **

** Found 114 DRC violations **
[via_dangling]: Via is not connected or connected on only one layer
    Local override; warning
    @(166.5805 mm, 80.4495 mm): Via [3v3_esp] on F.Cu - B.Cu
[track_dangling]: Track has unconnected end
    Local override; warning
    @(157.7805 mm, 66.5095 mm): Track [VL53L5CX_LP_RIGHT] on F.Cu, length 0.0600 mm
[via_dangling]: Via is not connected or connected on only one layer
    Local override; warning
    @(199.2405 mm, 45.7095 mm): Via [I2C_SCL] on F.Cu - B.Cu
[track_dangling]: Track has unconnected end
    Local override; warning
    @(151.9405 mm, 74.4695 mm): Track [I2C_SCL] on B.Cu, length 0.0650 mm
[via_dangling]: Via is not connected or connected on only one layer
    Local override; warning
    @(199.8505 mm, 45.0595 mm): Via [I2C_SDA] on F.Cu - B.Cu
[via_dangling]: Via is not connected or connected on only one layer
    Local override; warning
    @(145.1457 mm, 46.2111 mm): Via [I2C_SDA] on F.Cu - B.Cu
[track_dangling]: Track has unconnected end
    Local override; warning
    @(167.9805 mm, 84.5152 mm): Track [SCCB_SCL] on B.Cu, length 0.0843 mm
[via_dangling]: Via is not connected or connected on only one layer
    Local override; warning
    @(172.3505 mm, 43.6520 mm): Via [Net-(USB1-DN1)] on F.Cu - B.Cu
[via_dangling]: Via is not connected or connected on only one layer
    Local override; warning
    @(170.5705 mm, 43.3195 mm): Via [Net-(USB1-DP1)] on F.Cu - B.Cu
[via_dangling]: Via is not connected or connected on only one layer
    Local override; warning
    @(195.2405 mm, 81.1695 mm): Via [VUSB] on F.Cu - B.Cu
[via_dangling]: Via is not connected or connected on only one layer
    Local override; warning
    @(146.5905 mm, 80.6205 mm): Via [3v3_haptic] on F.Cu - B.Cu
[via_dangling]: Via is not connected or connected on only one layer
    Local override; warning
    @(192.9397 mm, 66.8388 mm): Via [3v3_haptic] on F.Cu - B.Cu
[via_dangling]: Via is not connected or connected on only one layer
    Local override; warning
    @(162.9205 mm, 70.8295 mm): Via [usb_P] on F.Cu - B.Cu
[via_dangling]: Via is not connected or connected on only one layer
    Local override; warning
    @(162.9305 mm, 72.0995 mm): Via [usb_N] on F.Cu - B.Cu
[via_dangling]: Via is not connected or connected on only one layer
    Local override; warning
    @(207.4753 mm, 44.7743 mm): Via [usb_N] on F.Cu - B.Cu
[via_dangling]: Via is not connected or connected on only one layer
    Local override; warning
    @(169.0705 mm, 87.8295 mm): Via [CAM_VSYNC] on F.Cu - B.Cu
[via_dangling]: Via is not connected or connected on only one layer
    Local override; warning
    @(171.2805 mm, 86.2395 mm): Via [CAM_Y9] on F.Cu - B.Cu
[via_dangling]: Via is not connected or connected on only one layer
    Local override; warning
    @(173.4505 mm, 87.1995 mm): Via [CAM_Y5] on F.Cu - B.Cu
[track_dangling]: Track has unconnected end
    Local override; warning
    @(161.8605 mm, 88.9395 mm): Track [CAM_Y4] on F.Cu, length 0.0800 mm
[via_dangling]: Via is not connected or connected on only one layer
    Local override; warning
    @(175.3205 mm, 88.0295 mm): Via [CAM_Y3] on F.Cu - B.Cu
[via_dangling]: Via is not connected or connected on only one layer
    Local override; warning
    @(162.8805 mm, 73.3395 mm): Via [Motor_Right_PWM] on F.Cu - B.Cu
[silk_edge_clearance]: Silkscreen clipped by board edge
    Rule: board setup constraints silk; warning
    @(126.2656 mm, 57.5939 mm): Polygon on Edge.Cuts
    @(166.8305 mm, 34.4723 mm): Segment of USB1 on F.Silkscreen
[silk_edge_clearance]: Silkscreen clipped by board edge
    Rule: board setup constraints silk; warning
    @(126.2656 mm, 57.5939 mm): Polygon on Edge.Cuts
    @(175.9005 mm, 34.3323 mm): Segment of USB1 on F.Silkscreen
[padstack]: Padstack is questionable (PTH pad hole leaves no copper)
    Local override; warning
    @(208.4403 mm, 76.9111 mm): PTH pad [<no net>] of BT2
[padstack]: Padstack is questionable (PTH pad hole leaves no copper)
    Local override; warning
    @(174.2905 mm, 40.6023 mm): PTH pad [<no net>] of USB1
[padstack]: Padstack is questionable (PTH pad hole leaves no copper)
    Local override; warning
    @(168.5105 mm, 40.6023 mm): PTH pad [<no net>] of USB1
[padstack]: Padstack is questionable (PTH pad hole leaves no copper)
    Local override; warning
    @(154.0465 mm, 85.6915 mm): PTH pad [<no net>] of SW5
[padstack]: Padstack is questionable (PTH pad hole leaves no copper)
    Local override; warning
    @(154.0465 mm, 81.3915 mm): PTH pad [<no net>] of SW5
[padstack]: Padstack is questionable (PTH pad hole leaves no copper)
    Local override; warning
    @(190.0005 mm, 85.9365 mm): PTH pad [<no net>] of SW4
[padstack]: Padstack is questionable (PTH pad hole leaves no copper)
    Local override; warning
    @(190.0005 mm, 81.6365 mm): PTH pad [<no net>] of SW4
[lib_footprint_issues]: The current configuration does not include the footprint library 'LCSC/bms'
    Local override; warning
    @(205.2005 mm, 84.8945 mm): Footprint U6
[lib_footprint_mismatch]: Footprint 'WSON-10_L2.0-W2.0-P0.40-BL-EP' does not match copy in library 'LCSC/BMS'
    Local override; warning
    @(197.6105 mm, 85.2695 mm): Footprint U3
[silk_overlap]: Silkscreen clearance
    Rule: board setup constraints silk; warning
    @(139.9495 mm, 45.8143 mm): Footprint text of CN1 (CN1)
    @(139.9495 mm, 45.8143 mm): Reference field of CN1
[silk_overlap]: Silkscreen clearance
    Rule: board setup constraints silk; warning
    @(129.5803 mm, 79.2611 mm): Circle of BT2 on F.Silkscreen
    @(129.6625 mm, 78.8425 mm): Footprint text of M2 (M2)
[silk_overlap]: Silkscreen clearance
    Rule: board setup constraints silk; warning
    @(173.0549 mm, 89.8795 mm): Reference field of U16
    @(173.0549 mm, 89.8995 mm): Footprint text of U16 (U16)
[silk_overlap]: Silkscreen clearance
    Rule: board setup constraints silk; warning
    @(143.9305 mm, 89.6395 mm): Reference field of M3
    @(143.9505 mm, 89.6395 mm): Footprint text of M3 (M3)
[silk_overlap]: Silkscreen clearance
    Rule: board setup constraints silk; warning
    @(140.6405 mm, 83.4695 mm): Footprint text of U11 (U11)
    @(140.6305 mm, 83.4795 mm): Reference field of U11
[silk_overlap]: Silkscreen clearance
    Rule: board setup constraints silk; warning
    @(138.9805 mm, 39.6295 mm): Segment of L2 on F.Silkscreen
    @(136.7105 mm, 40.3095 mm): Reference field of C21
[silk_overlap]: Silkscreen clearance
    Rule: board setup constraints silk; warning
    @(139.9305 mm, 38.5395 mm): Reference field of L2
    @(139.9105 mm, 38.5395 mm): Footprint text of L2 (L2)
[silk_overlap]: Silkscreen clearance
    Rule: board setup constraints silk; warning
    @(171.4005 mm, 39.3023 mm): Reference field of USB1
    @(171.4005 mm, 39.3023 mm): Footprint text of USB1 (USB1)
[silk_overlap]: Silkscreen clearance
    Rule: board setup constraints silk; warning
    @(196.1881 mm, 84.4695 mm): Circle of U3 on F.Silkscreen
    @(195.8505 mm, 84.8695 mm): Reference field of R9
[silk_overlap]: Silkscreen clearance
    Rule: board setup constraints silk; warning
    @(198.2005 mm, 87.2495 mm): Footprint text of U3 (U3)
    @(198.2205 mm, 87.2595 mm): Reference field of U3
[silk_overlap]: Silkscreen clearance
    Rule: board setup constraints silk; warning
    @(207.6805 mm, 84.9995 mm): Footprint text of U6 (U6)
    @(207.6905 mm, 84.9695 mm): Reference field of U6
[silk_overlap]: Silkscreen clearance
    Rule: board setup constraints silk; warning
    @(213.1405 mm, 79.1500 mm): Footprint text of M1 (M1)
    @(213.1505 mm, 79.0965 mm): Reference field of M1
[silk_overlap]: Silkscreen clearance
    Rule: board setup constraints silk; warning
    @(203.8305 mm, 46.0443 mm): Reference field of CN3
    @(203.8305 mm, 46.0443 mm): Footprint text of CN3 (CN3)
[silk_overlap]: Silkscreen clearance
    Rule: board setup constraints silk; warning
    @(171.3905 mm, 49.2495 mm): Reference field of U2
    @(171.3630 mm, 49.2395 mm): Footprint text of U2 (U2)
[silk_overlap]: Silkscreen clearance
    Rule: board setup constraints silk; warning
    @(166.3105 mm, 48.8295 mm): Reference field of L1
    @(166.3005 mm, 48.8295 mm): Footprint text of L1 (L1)
[silk_overlap]: Silkscreen clearance
    Rule: board setup constraints silk; warning
    @(160.7705 mm, 49.2395 mm): Reference field of D1
    @(160.7705 mm, 49.2295 mm): Footprint text of D1 (D1)
[silk_overlap]: Silkscreen clearance
    Rule: board setup constraints silk; warning
    @(200.4005 mm, 38.2995 mm): Footprint text of L3 (L3)
    @(200.3805 mm, 38.3295 mm): Reference field of L3
[silk_overlap]: Silkscreen clearance
    Rule: board setup constraints silk; warning
    @(156.8085 mm, 41.9695 mm): Footprint text of U12 (U12)
    @(156.8105 mm, 42.0195 mm): Reference field of U12
[silk_over_copper]: Silkscreen clipped by solder mask
    Local override; warning
    @(146.8705 mm, 41.7495 mm): Reference field of C22
    @(147.3405 mm, 41.8795 mm): Via [vana_3v3] on F.Cu - B.Cu
[silk_over_copper]: Silkscreen clipped by solder mask
    Local override; warning
    @(129.6625 mm, 78.8425 mm): Footprint text of M2 (M2)
    @(129.6625 mm, 77.5725 mm): PTH pad 1 [3v3_haptic] of M2
[silk_over_copper]: Silkscreen clipped by solder mask
    Local override; warning
    @(129.6625 mm, 78.8425 mm): Footprint text of M2 (M2)
    @(129.6625 mm, 80.1125 mm): PTH pad 2 [Net-(D8-A)] of M2
[silk_over_copper]: Silkscreen clipped by solder mask
    Local override; warning
    @(129.5803 mm, 79.2611 mm): Circle of BT2 on F.Silkscreen
    @(129.6625 mm, 80.1125 mm): PTH pad 2 [Net-(D8-A)] of M2
[silk_over_copper]: Silkscreen clipped by solder mask
    Local override; warning
    @(175.8505 mm, 41.9523 mm): Circle of USB1 on F.Silkscreen
    @(175.7205 mm, 41.1323 mm): PTH pad 13 [GND] of USB1
[silk_over_copper]: Silkscreen clipped by solder mask
    Local override; warning
    @(166.8305 mm, 34.4723 mm): Segment of USB1 on F.Silkscreen
    @(167.0805 mm, 36.9223 mm): PTH pad 14 [GND] of USB1
[silk_over_copper]: Silkscreen clipped by solder mask
    Local override; warning
    @(166.8305 mm, 37.9023 mm): Segment of USB1 on F.Silkscreen
    @(167.0805 mm, 36.9223 mm): PTH pad 14 [GND] of USB1
[silk_over_copper]: Silkscreen clipped by solder mask
    Local override; warning
    @(175.9005 mm, 34.3323 mm): Segment of USB1 on F.Silkscreen
    @(175.7205 mm, 36.9223 mm): PTH pad 13 [GND] of USB1
[silk_over_copper]: Silkscreen clipped by solder mask
    Local override; warning
    @(175.9005 mm, 37.9123 mm): Segment of USB1 on F.Silkscreen
    @(175.7205 mm, 36.9223 mm): PTH pad 13 [GND] of USB1
[silk_overlap]: Silkscreen clearance
    Rule: board setup constraints silk; warning
    @(173.0915 mm, 90.1995 mm): Reference field of U13
    @(173.0915 mm, 90.2095 mm): Footprint text of U13 (U13)
[silk_overlap]: Silkscreen clearance
    Rule: board setup constraints silk; warning
    @(162.2405 mm, 81.4795 mm): Reference field of LED1
    @(162.2505 mm, 81.4595 mm): Footprint text of LED1 (LED1)
[silk_overlap]: Silkscreen clearance
    Rule: board setup constraints silk; warning
    @(163.2315 mm, 88.4115 mm): Circle of U13 on B.Silkscreen
    @(162.5605 mm, 89.1895 mm): Reference field of C12
[silk_overlap]: Silkscreen clearance
    Rule: board setup constraints silk; warning
    @(190.7705 mm, 70.1395 mm): Footprint text of U5 (U5)
    @(190.7705 mm, 70.1395 mm): Reference field of U5
[silk_overlap]: Silkscreen clearance
    Rule: board setup constraints silk; warning
    @(212.5605 mm, 76.7195 mm): Footprint text of D7 (D7)
    @(212.5705 mm, 76.7195 mm): Reference field of D7
[silk_overlap]: Silkscreen clearance
    Rule: board setup constraints silk; warning
    @(203.7035 mm, 69.5595 mm): Reference field of CN4
    @(203.7035 mm, 69.5715 mm): Footprint text of CN4 (CN4)
[silk_overlap]: Silkscreen clearance
    Rule: board setup constraints silk; warning
    @(207.1405 mm, 79.2195 mm): Reference field of Q1
    @(207.1405 mm, 79.2195 mm): Footprint text of Q1 (Q1)
[silk_overlap]: Silkscreen clearance
    Rule: board setup constraints silk; warning
    @(190.6205 mm, 62.7495 mm): Footprint text of U4 (U4)
    @(190.6305 mm, 62.7495 mm): Reference field of U4
[silk_overlap]: Silkscreen clearance
    Rule: board setup constraints silk; warning
    @(186.1505 mm, 63.0595 mm): Footprint text of SW1 (SW1)
    @(186.1405 mm, 63.0595 mm): Reference field of SW1
[silk_overlap]: Silkscreen clearance
    Rule: board setup constraints silk; warning
    @(203.4495 mm, 59.3695 mm): Footprint text of U1 (U1)
    @(203.4495 mm, 59.3705 mm): Reference field of U1
[silk_overlap]: Silkscreen clearance
    Rule: board setup constraints silk; warning
    @(196.9005 mm, 40.2395 mm): Footprint text of U15 (U15)
    @(196.9205 mm, 40.2595 mm): Reference field of U15
[silk_overlap]: Silkscreen clearance
    Rule: board setup constraints silk; warning
    @(171.4105 mm, 36.9195 mm): Footprint text of OLED1 (OLED1)
    @(171.4005 mm, 36.9395 mm): Reference field of OLED1
[silk_overlap]: Silkscreen clearance
    Rule: board setup constraints silk; warning
    @(193.0605 mm, 83.6895 mm): Reference field of SW4
    @(193.0505 mm, 83.6895 mm): Footprint text of SW4 (SW4)
[silk_overlap]: Silkscreen clearance
    Rule: board setup constraints silk; warning
    @(151.2705 mm, 83.5415 mm): Reference field of SW5
    @(151.2505 mm, 83.5415 mm): Footprint text of SW5 (SW5)
[silk_overlap]: Silkscreen clearance
    Rule: board setup constraints silk; warning
    @(155.5205 mm, 76.3995 mm): Reference field of Q3
    @(155.5305 mm, 76.4095 mm): Footprint text of Q3 (Q3)
[silk_overlap]: Silkscreen clearance
    Rule: board setup constraints silk; warning
    @(136.3605 mm, 82.0175 mm): Footprint text of Q2 (Q2)
    @(136.3605 mm, 82.0095 mm): Reference field of Q2
[silk_overlap]: Silkscreen clearance
    Rule: board setup constraints silk; warning
    @(130.8055 mm, 63.9295 mm): Reference field of U10
    @(130.8055 mm, 63.9395 mm): Footprint text of U10 (U10)
[silk_overlap]: Silkscreen clearance
    Rule: board setup constraints silk; warning
    @(140.0305 mm, 69.7495 mm): Reference field of CN2
    @(140.0305 mm, 69.6995 mm): Footprint text of CN2 (CN2)
[silk_overlap]: Silkscreen clearance
    Rule: board setup constraints silk; warning
    @(160.0605 mm, 62.8695 mm): Reference field of SW2
    @(160.0805 mm, 62.8995 mm): Footprint text of SW2 (SW2)
[silk_overlap]: Silkscreen clearance
    Rule: board setup constraints silk; warning
    @(147.3605 mm, 40.5895 mm): Reference field of U14
    @(147.3405 mm, 40.5795 mm): Footprint text of U14 (U14)
[silk_overlap]: Silkscreen clearance
    Rule: board setup constraints silk; warning
    @(131.9495 mm, 76.3095 mm): Footprint text of D8 (D8)
    @(131.9505 mm, 76.3095 mm): Reference field of D8
[silk_over_copper]: Silkscreen clipped by solder mask
    Local override; warning
    @(149.1405 mm, 47.9495 mm): Circle of U14 on B.Silkscreen
    @(149.4105 mm, 47.6195 mm): Via [GND] on F.Cu - B.Cu
[annular_width]: Annular width (board setup constraints min annular width 0.1200 mm; actual 0.0000 mm)
    Rule: board setup constraints; error (excluded)
    @(208.4403 mm, 76.9111 mm): PTH pad [<no net>] of BT2
[annular_width]: Annular width (board setup constraints min annular width 0.1200 mm; actual 0.0000 mm)
    Rule: board setup constraints; error (excluded)
    @(174.2905 mm, 40.6023 mm): PTH pad [<no net>] of USB1
[annular_width]: Annular width (board setup constraints min annular width 0.1200 mm; actual 0.0000 mm)
    Rule: board setup constraints; error (excluded)
    @(168.5105 mm, 40.6023 mm): PTH pad [<no net>] of USB1
[annular_width]: Annular width (board setup constraints min annular width 0.1200 mm; actual 0.0000 mm)
    Rule: board setup constraints; error (excluded)
    @(154.0465 mm, 85.6915 mm): PTH pad [<no net>] of SW5
[annular_width]: Annular width (board setup constraints min annular width 0.1200 mm; actual 0.0000 mm)
    Rule: board setup constraints; error (excluded)
    @(154.0465 mm, 81.3915 mm): PTH pad [<no net>] of SW5
[annular_width]: Annular width (board setup constraints min annular width 0.1200 mm; actual 0.0000 mm)
    Rule: board setup constraints; error (excluded)
    @(190.0005 mm, 85.9365 mm): PTH pad [<no net>] of SW4
[annular_width]: Annular width (board setup constraints min annular width 0.1200 mm; actual 0.0000 mm)
    Rule: board setup constraints; error (excluded)
    @(190.0005 mm, 81.6365 mm): PTH pad [<no net>] of SW4
[track_dangling]: Track has unconnected end
    Local override; warning (excluded)
    @(151.1905 mm, 78.3395 mm): Track [BTN_01] on B.Cu, length 0.0141 mm
[pth_inside_courtyard]: PTH inside courtyard
    Local override; error (excluded)
    @(174.2905 mm, 40.6023 mm): PTH pad [<no net>] of USB1
    @(189.5551 mm, 44.8903 mm): Footprint OLED1
[pth_inside_courtyard]: PTH inside courtyard
    Local override; error (excluded)
    @(168.5105 mm, 40.6023 mm): PTH pad [<no net>] of USB1
    @(189.5551 mm, 44.8903 mm): Footprint OLED1
[pth_inside_courtyard]: PTH inside courtyard
    Local override; error (excluded)
    @(175.7205 mm, 41.1323 mm): PTH pad 13 [GND] of USB1
    @(189.5551 mm, 44.8903 mm): Footprint OLED1
[pth_inside_courtyard]: PTH inside courtyard
    Local override; error (excluded)
    @(167.0805 mm, 41.1323 mm): PTH pad 14 [GND] of USB1
    @(189.5551 mm, 44.8903 mm): Footprint OLED1
[starved_thermal]: Thermal relief connection to zone incomplete (layer F.Cu; zone min spoke count 2; actual 1)
    Local override; error (excluded)
    @(165.4755 mm, 47.1145 mm): Zone [VUSB] on F.Cu, priority 2
    @(171.3630 mm, 47.4645 mm): Pad 5 [VUSB] of U2 on F.Cu
[starved_thermal]: Thermal relief connection to zone incomplete (layer B.Cu; zone min spoke count 2; actual 1)
    Local override; error (excluded)
    @(196.0505 mm, 60.8995 mm): Zone [VLDO] on B.Cu, priority 13
    @(195.7325 mm, 61.5095 mm): Pad 1 [VLDO] of U4 on B.Cu
[starved_thermal]: Thermal relief connection to zone incomplete (layer F.Cu; zone min spoke count 2; actual 1)
    Local override; error (excluded)
    @(165.4755 mm, 47.1145 mm): Zone [VUSB] on F.Cu, priority 2
    @(167.9005 mm, 46.9943 mm): Pad 1 [VUSB] of C3 on F.Cu
[starved_thermal]: Thermal relief connection to zone incomplete (layer F.Cu; zone min spoke count 2; actual 1)
    Local override; error (excluded)
    @(169.3405 mm, 42.1295 mm): Zone [Net-(D1-A2)] on F.Cu, priority 1
    @(169.0005 mm, 41.6823 mm): Pad 11 [Net-(D1-A2)] of USB1 on F.Cu
[starved_thermal]: Thermal relief connection to zone incomplete (layer F.Cu; zone min spoke count 2; actual 1)
    Local override; error (excluded)
    @(165.4755 mm, 47.1145 mm): Zone [VUSB] on F.Cu, priority 2
    @(166.3005 mm, 46.9243 mm): Pad 2 [VUSB] of L1 on F.Cu
[starved_thermal]: Thermal relief connection to zone incomplete (layer F.Cu; zone min spoke count 2; actual 1)
    Local override; error (excluded)
    @(205.2505 mm, 83.5445 mm): Zone [-BATT] on F.Cu, priority 4
    @(205.2005 mm, 83.5945 mm): Pad 2 [-BATT] of U6 on F.Cu
[starved_thermal]: Thermal relief connection to zone incomplete (layer F.Cu; zone min spoke count 2; actual 1)
    Local override; error (excluded)
    @(205.2505 mm, 83.5445 mm): Zone [-BATT] on F.Cu, priority 4
    @(205.4505 mm, 81.7045 mm): Pad 2 [-BATT] of C8 on F.Cu
[starved_thermal]: Thermal relief connection to zone incomplete (layer F.Cu; zone min spoke count 2; actual 1)
    Local override; error (excluded)
    @(203.5755 mm, 80.6445 mm): Zone [Net-(U6-VDD)] on F.Cu, priority 5
    @(205.4505 mm, 80.7445 mm): Pad 1 [Net-(U6-VDD)] of C8 on F.Cu
[starved_thermal]: Thermal relief connection to zone incomplete (layer F.Cu; zone min spoke count 2; actual 1)
    Local override; error (excluded)
    @(203.5755 mm, 80.6445 mm): Zone [Net-(U6-VDD)] on F.Cu, priority 5
    @(203.7255 mm, 80.9445 mm): Pad 2 [Net-(U6-VDD)] of R8 on F.Cu
[starved_thermal]: Thermal relief connection to zone incomplete (layer F.Cu; zone min spoke count 2; actual 1)
    Local override; error (excluded)
    @(180.1720 mm, 34.9444 mm): Zone [GND] on F.Cu, B.Cu and 2 more, priority 0
    @(171.3630 mm, 45.1895 mm): Pad 2 [GND] of U2 on F.Cu
[starved_thermal]: Thermal relief connection to zone incomplete (layer F.Cu; zone min spoke count 2; actual 1)
    Local override; error (excluded)
    @(180.1720 mm, 34.9444 mm): Zone [GND] on F.Cu, B.Cu and 2 more, priority 0
    @(193.9205 mm, 47.4295 mm): Pad 2 [GND] of C23 on F.Cu
[starved_thermal]: Thermal relief connection to zone incomplete (layer F.Cu; zone min spoke count 2; actual 1)
    Local override; error (excluded)
    @(180.1720 mm, 34.9444 mm): Zone [GND] on F.Cu, B.Cu and 2 more, priority 0
    @(150.5805 mm, 46.6695 mm): Pad 2 [GND] of C24 on F.Cu
[starved_thermal]: Thermal relief connection to zone incomplete (layer F.Cu; zone min spoke count 2; actual 1)
    Local override; error (excluded)
    @(180.1720 mm, 34.9444 mm): Zone [GND] on F.Cu, B.Cu and 2 more, priority 0
    @(174.6005 mm, 41.6823 mm): Pad 1 [GND] of USB1 on F.Cu
[starved_thermal]: Thermal relief connection to zone incomplete (layer F.Cu; zone min spoke count 2; actual 1)
    Local override; error (excluded)
    @(180.1720 mm, 34.9444 mm): Zone [GND] on F.Cu, B.Cu and 2 more, priority 0
    @(167.0805 mm, 41.1323 mm): PTH pad 14 [GND] of USB1
[starved_thermal]: Thermal relief connection to zone incomplete (layer F.Cu; zone min spoke count 2; actual 1)
    Local override; error (excluded)
    @(180.1720 mm, 34.9444 mm): Zone [GND] on F.Cu, B.Cu and 2 more, priority 0
    @(167.9005 mm, 44.7643 mm): Pad 2 [GND] of C1 on F.Cu
[starved_thermal]: Thermal relief connection to zone incomplete (layer B.Cu; zone min spoke count 2; actual 1)
    Local override; error (excluded)
    @(180.1720 mm, 34.9444 mm): Zone [GND] on F.Cu, B.Cu and 2 more, priority 0
    @(195.7325 mm, 70.0795 mm): Pad 2 [GND] of U5 on B.Cu
[starved_thermal]: Thermal relief connection to zone incomplete (layer B.Cu; zone min spoke count 2; actual 1)
    Local override; error (excluded)
    @(180.1720 mm, 34.9444 mm): Zone [GND] on F.Cu, B.Cu and 2 more, priority 0
    @(195.9205 mm, 47.2595 mm): Pad A6 [GND] of U15 on B.Cu
[starved_thermal]: Thermal relief connection to zone incomplete (layer B.Cu; zone min spoke count 2; actual 1)
    Local override; error (excluded)
    @(180.1720 mm, 34.9444 mm): Zone [GND] on F.Cu, B.Cu and 2 more, priority 0
    @(195.9205 mm, 48.0095 mm): Pad A7 [GND] of U15 on B.Cu
[starved_thermal]: Thermal relief connection to zone incomplete (layer B.Cu; zone min spoke count 2; actual 1)
    Local override; error (excluded)
    @(180.1720 mm, 34.9444 mm): Zone [GND] on F.Cu, B.Cu and 2 more, priority 0
    @(196.9705 mm, 45.7595 mm): Pad B4 [GND] of U15 on B.Cu
[starved_thermal]: Thermal relief connection to zone incomplete (layer B.Cu; zone min spoke count 2; actual 1)
    Local override; error (excluded)
    @(180.1720 mm, 34.9444 mm): Zone [GND] on F.Cu, B.Cu and 2 more, priority 0
    @(198.0205 mm, 47.2595 mm): Pad C6 [GND] of U15 on B.Cu
[starved_thermal]: Thermal relief connection to zone incomplete (layer B.Cu; zone min spoke count 2; actual 1)
    Local override; error (excluded)
    @(180.1720 mm, 34.9444 mm): Zone [GND] on F.Cu, B.Cu and 2 more, priority 0
    @(198.0205 mm, 48.0095 mm): Pad C7 [GND] of U15 on B.Cu

** Found 14 unconnected pads **
[unconnected_items]: Missing connection between items
    Local override; error (excluded)
    @(151.7105 mm, 49.6095 mm): Track [3v3_esp] on B.Cu, length 2.1072 mm
    @(191.1905 mm, 58.6995 mm): Track [3v3_esp] on B.Cu, length 42.9400 mm
[unconnected_items]: Missing connection between items
    Local override; error (excluded)
    @(187.5405 mm, 49.9295 mm): Track [3v3_esp] on B.Cu, length 2.5173 mm
    @(191.8405 mm, 59.3495 mm): Track [3v3_esp] on B.Cu, length 0.9192 mm
[unconnected_items]: Missing connection between items
    Local override; error (excluded)
    @(150.9605 mm, 49.2595 mm): Track [VL53L5CX_INT_RIGHT] on F.Cu, length 0.8768 mm
    @(182.9405 mm, 66.1095 mm): Track [VL53L5CX_INT_RIGHT] on F.Cu, length 26.0800 mm
[unconnected_items]: Missing connection between items
    Local override; error (excluded)
    @(154.3505 mm, 67.8195 mm): Track [VL53L5CX_LP_RIGHT] on B.Cu, length 6.8700 mm
    @(148.3905 mm, 44.8995 mm): Track [VL53L5CX_LP_RIGHT] on B.Cu, length 0.4400 mm
[unconnected_items]: Missing connection between items
    Local override; error (excluded)
    @(140.8805 mm, 51.9695 mm): Track [I2C_SCL] on B.Cu, length 1.7200 mm
    @(136.2905 mm, 69.6195 mm): Track [I2C_SCL] on B.Cu, length 1.6590 mm
[unconnected_items]: Missing connection between items
    Local override; error (excluded)
    @(141.9495 mm, 69.6195 mm): Track [MPU_int] on B.Cu, length 5.0910 mm
    @(141.7847 mm, 45.8495 mm): Track [MPU_int] on F.Cu, length 0.0498 mm
[unconnected_items]: Missing connection between items
    Local override; error (excluded)
    @(137.8895 mm, 70.9495 mm): Track [I2C_SDA] on B.Cu, length 0.0849 mm
    @(143.9605 mm, 52.5095 mm): Track [I2C_SDA] on B.Cu, length 1.1455 mm
[unconnected_items]: Missing connection between items
    Local override; error (excluded)
    @(141.9495 mm, 70.8895 mm): Pad 7 [vana_3v3] of CN2 on B.Cu
    @(150.8505 mm, 51.9795 mm): Track [vana_3v3] on F.Cu, length 2.8000 mm
[unconnected_items]: Missing connection between items
    Local override; error (excluded)
    @(201.7035 mm, 70.8415 mm): Pad 8 [vana_3v3] of CN4 on B.Cu
    @(197.2605 mm, 48.9995 mm): Track [vana_3v3] on B.Cu, length 2.2100 mm
[unconnected_items]: Missing connection between items
    Local override; error (excluded)
    @(205.1315 mm, 61.8205 mm): Track [VUSB] on B.Cu, length 0.9420 mm
    @(205.6305 mm, 43.5043 mm): Pad 2 [VUSB] of CN3 on F.Cu
[unconnected_items]: Missing connection between items
    Local override; error (excluded)
    @(188.1355 mm, 61.6045 mm): Track [usb_P] on B.Cu, length 0.5303 mm
    @(184.3805 mm, 51.2695 mm): Track [usb_P] on F.Cu, length 1.3718 mm
[unconnected_items]: Missing connection between items
    Local override; error (excluded)
    @(187.7805 mm, 60.8795 mm): Track [usb_N] on B.Cu, length 0.4950 mm
    @(183.9805 mm, 51.3645 mm): Track [usb_N] on F.Cu, length 1.7324 mm
[unconnected_items]: Missing connection between items
    Local override; error (excluded)
    @(187.0205 mm, 59.6395 mm): Track [VL53L5CX_INT_LEFT] on F.Cu, length 1.4708 mm
    @(192.5605 mm, 45.0195 mm): Pad 1 [VL53L5CX_INT_LEFT] of R29 on F.Cu
[unconnected_items]: Missing connection between items
    Local override; error (excluded)
    @(190.1805 mm, 66.9795 mm): Track [VL53L5CX_LP_LEFT] on B.Cu, length 1.2869 mm
    @(193.9755 mm, 49.0595 mm): Track [VL53L5CX_LP_LEFT] on F.Cu, length 0.6350 mm

** Found 0 Footprint errors **

** Ignored checks **
    - Footprint has no courtyard defined
    - Track endpoint not centered on via
    - Tuning profile track geometries
    - Footprint doesn't match symbol's footprint filters
    - Footprint component type doesn't match footprint pads

** End of Report **
